Loaded 2 certificates, 1 CAs and 0 CRLs

	Subject: C=US,CN=bypass.jdenker.com
	Issuer: O=av8n.com,OU=Root CA,CN=av8n.com Root CA,C=US,EMAIL=ca@av8n.com
	Checked against: O=av8n.com,OU=Root CA,CN=av8n.com Root CA,C=US,EMAIL=ca@av8n.com
	Output: Not verified. The certificate is NOT trusted. The certificate chain violates the signer's constraints. 

Chain verification output: Not verified. The certificate is NOT trusted. The certificate chain violates the signer's constraints. 

