eContent Type: 1.3.6.1.4.1.311.10.1
Signers:
	Signer's issuer DN: CN=WDKTestCert asn\,131206795480483453
	Signer's serial: 1656c8b2bf9bb3b24e6f3411cdcff0b5
	Signature Algorithm: RSA-SHA1
	Signed Attributes:
		1.2.840.113549.1.9.4: 041490608f08aab36bbeef8cb509bef6e60385058afa
		1.3.6.1.4.1.311.2.1.11: 300c060a2b060104018237020115
		1.2.840.113549.1.9.3: 06092b0601040182370a01
		1.3.6.1.4.1.311.2.1.12: 3000

Number of certificates: 1

-----BEGIN CERTIFICATE-----
MIIDCDCCAfCgAwIBAgIQFlbIsr+bs7JObzQRzc/wtTANBgkqhkiG9w0BAQUFADAt
MSswKQYDVQQDEyJXREtUZXN0Q2VydCBhc24sMTMxMjA2Nzk1NDgwNDgzNDUzMB4X
DTE2MTAxMTE3MTIyOFoXDTI2MTAxMTAwMDAwMFowLTErMCkGA1UEAxMiV0RLVGVz
dENlcnQgYXNuLDEzMTIwNjc5NTQ4MDQ4MzQ1MzCCASIwDQYJKoZIhvcNAQEBBQAD
ggEPADCCAQoCggEBAKQ+rj0b53bgPJ7C94HfznU2c5PqdD/bwEPZFW0RRt/f1Lki
CJu58jTuO07u4QgbivKuc8GN9Z2imjpCyTME6VKJyP68BRIa7exMBTYtmkVXshG6
i5cAsxSuayRsz8A6eL3CqVj7Kg+ZjigTlziG0LeZfDIijPdYkar8BBINRG2vIShd
z/zB09mWsTMuDkHSXYI6L0kH6ooQOahtcMF100L1nkB77dUzvr1DU3J2ztGJyLhv
nNFg5Y5+FFS2KNhxZNXOzJE32F9zs3VG8V6TLB220Lp9l1Nr/skEYFYh1A3uBuqR
s+Lq/2jedgxBZKiFAgHiVgYRuKULzApdtC/9fQ8CAwEAAaMkMCIwCwYDVR0PBAQD
AgQwMBMGA1UdJQQMMAoGCCsGAQUFBwMDMA0GCSqGSIb3DQEBBQUAA4IBAQBObe7e
ZV1GCRofMbuNdskRAZVMUE+FInfSnPxppsIkL4pyjFsI3aMMbX50Uf2c62w+QFVU
CGjOiUoMyxB98dIHjfRajMXGiVZLJ1HMfYqlpveG856D8/RV5YEPnupcfbwhD9W7
rclIY+5vMotKZA/J18H/HLM2j2NrY6jGvKO+/1uqQ1IyBiRzSLGScCDf6iU90sbP
TW/KsC34ygexaWi4AvQQG+961nVtrkEhrVjvQb3+/33IDpNkrtQhWU3/2aKhW7U0
PkMJfdm7lBZk5cqPYFZjx12Vn3mGiA8E3p9hSON1pixLIHvF5X7/k6RS028tgVpy
oLcQbBwOi/RXpsa8
-----END CERTIFICATE-----

